###### This a doc for git-braching ###### 
#Arjun@localhost/d/Arjun/Nivas/GitHub/vmsnivas/git (master)
$ git branch
* master

#Arjun@localhost/d/Arjun/Nivas/GitHub/vmsnivas/git (master)
$ ll
total 5
drwxr-xr-x 1 ANIL+Arjun 197121  0 Jun 20 09:34 configs/
drwxr-xr-x 1 ANIL+Arjun 197121  0 Jun 20 09:34 notes/
-rw-r--r-- 1 ANIL+Arjun 197121 10 Jun 20 09:34 README.md
drwxr-xr-x 1 ANIL+Arjun 197121  0 Jun 20 09:34 tasks/

#Arjun@localhost/d/Arjun/Nivas/GitHub/vmsnivas/git (master)
$ git branch feature1

#Arjun@localhost/d/Arjun/Nivas/GitHub/vmsnivas/git (master)
$ git branch
  feature1
* master

#Arjun@localhost/d/Arjun/Nivas/GitHub/vmsnivas/git (master)
$ git checkout feature1
Switched to branch 'feature1'

#Arjun@localhost/d/Arjun/Nivas/GitHub/vmsnivas/git (feature1)
$ ll
total 5
drwxr-xr-x 1 ANIL+Arjun 197121  0 Jun 20 09:34 configs/
drwxr-xr-x 1 ANIL+Arjun 197121  0 Jun 20 09:34 notes/
-rw-r--r-- 1 ANIL+Arjun 197121 10 Jun 20 09:34 README.md
drwxr-xr-x 1 ANIL+Arjun 197121  0 Jun 20 09:34 tasks/

#Arjun@localhost/d/Arjun/Nivas/GitHub/vmsnivas/git (feature1)
$ vi intro.txt

#Arjun@localhost/d/Arjun/Nivas/GitHub/vmsnivas/git (feature1)
$ git add intro.txt
warning: LF will be replaced by CRLF in intro.txt.
The file will have its original line endings in your working directory.

#Arjun@localhost/d/Arjun/Nivas/GitHub/vmsnivas/git (feature1)
$ ll
total 6
drwxr-xr-x 1 ANIL+Arjun 197121  0 Jun 20 09:34 configs/
-rw-r--r-- 1 ANIL+Arjun 197121 51 Jun 20 09:44 intro.txt
drwxr-xr-x 1 ANIL+Arjun 197121  0 Jun 20 09:34 notes/
-rw-r--r-- 1 ANIL+Arjun 197121 10 Jun 20 09:34 README.md
drwxr-xr-x 1 ANIL+Arjun 197121  0 Jun 20 09:34 tasks/

#Arjun@localhost/d/Arjun/Nivas/GitHub/vmsnivas/git (feature1)
$ git s
A  intro.txt

#Arjun@localhost/d/Arjun/Nivas/GitHub/vmsnivas/git (feature1)
$ git commit -am "Added intro"
[feature1 ee4ee44] Added intro
warning: LF will be replaced by CRLF in intro.txt.
The file will have its original line endings in your working directory.
 1 file changed, 3 insertions(+)
 create mode 100644 intro.txt

#Arjun@localhost/d/Arjun/Nivas/GitHub/vmsnivas/git (feature1)
$ git push origin feature1
Warning: Permanently added the RSA host key for IP address '192.30.252.120' to the list of known hosts.
Counting objects: 3, done.
Delta compression using up to 4 threads.
Compressing objects: 100% (3/3), done.
Writing objects: 100% (3/3), 422 bytes | 0 bytes/s, done.
Total 3 (delta 0), reused 0 (delta 0)
To git+ssh://vmsnivas@github.com/vmsnivas/git.git
 * [new branch]      feature1 -> feature1

#Arjun@localhost/d/Arjun/Nivas/GitHub/vmsnivas/git (feature1)
$ git branch
* feature1
  master

#Arjun@localhost/d/Arjun/Nivas/GitHub/vmsnivas/git (feature1)
$ git checkout master
Switched to branch 'master'

#Arjun@localhost/d/Arjun/Nivas/GitHub/vmsnivas/git (master)
$ git branch
  feature1
* master

#Arjun@localhost/d/Arjun/Nivas/GitHub/vmsnivas/git (master)
$ git merge feature1
Updating 13525fc..ee4ee44
Fast-forward
 intro.txt | 3 +++
 1 file changed, 3 insertions(+)
 create mode 100644 intro.txt

#Arjun@localhost/d/Arjun/Nivas/GitHub/vmsnivas/git (master)
$ git s

#Arjun@localhost/d/Arjun/Nivas/GitHub/vmsnivas/git (master)
$ git lg --since=1.day
* ee4ee44 (HEAD -> master, origin/feature1, feature1) Added intro

#Arjun@localhost/d/Arjun/Nivas/GitHub/vmsnivas/git (master)
$ git push origin master
Total 0 (delta 0), reused 0 (delta 0)
To git+ssh://vmsnivas@github.com/vmsnivas/git.git
   13525fc..ee4ee44  master -> master

#Arjun@localhost/d/Arjun/Nivas/GitHub/vmsnivas/git (master)
$ git checkout feature1
Switched to branch 'feature1'

#Arjun@localhost/d/Arjun/Nivas/GitHub/vmsnivas/git (feature1)
$ ll
total 6
drwxr-xr-x 1 ANIL+Arjun 197121  0 Jun 20 09:34 configs/
-rw-r--r-- 1 ANIL+Arjun 197121 54 Jun 20 09:46 intro.txt
drwxr-xr-x 1 ANIL+Arjun 197121  0 Jun 20 09:34 notes/
-rw-r--r-- 1 ANIL+Arjun 197121 10 Jun 20 09:34 README.md
drwxr-xr-x 1 ANIL+Arjun 197121  0 Jun 20 09:34 tasks/

#Arjun@localhost/d/Arjun/Nivas/GitHub/vmsnivas/git (feature1)
$ vi intro.txt

#Arjun@localhost/d/Arjun/Nivas/GitHub/vmsnivas/git (feature1)
$ git add intro.txt

#Arjun@localhost/d/Arjun/Nivas/GitHub/vmsnivas/git (feature1)
$ git s
M  intro.txt

#Arjun@localhost/d/Arjun/Nivas/GitHub/vmsnivas/git (feature1)
$ git commit -am "Modified intro on feature1"
[feature1 9230d5a] Modified intro on feature1
 1 file changed, 1 insertion(+)

#Arjun@localhost/d/Arjun/Nivas/GitHub/vmsnivas/git (feature1)
$ git push origin feature1
Counting objects: 3, done.
Delta compression using up to 4 threads.
Compressing objects: 100% (3/3), done.
Writing objects: 100% (3/3), 328 bytes | 0 bytes/s, done.
Total 3 (delta 1), reused 0 (delta 0)
To git+ssh://vmsnivas@github.com/vmsnivas/git.git
   ee4ee44..9230d5a  feature1 -> feature1

#Arjun@localhost/d/Arjun/Nivas/GitHub/vmsnivas/git (feature1)
$ git checkout master
Switched to branch 'master'

#Arjun@localhost/d/Arjun/Nivas/GitHub/vmsnivas/git (master)
$ ll
total 6
drwxr-xr-x 1 ANIL+Arjun 197121  0 Jun 20 09:34 configs/
-rw-r--r-- 1 ANIL+Arjun 197121 54 Jun 20 09:51 intro.txt
drwxr-xr-x 1 ANIL+Arjun 197121  0 Jun 20 09:34 notes/
-rw-r--r-- 1 ANIL+Arjun 197121 10 Jun 20 09:34 README.md
drwxr-xr-x 1 ANIL+Arjun 197121  0 Jun 20 09:34 tasks/

#Arjun@localhost/d/Arjun/Nivas/GitHub/vmsnivas/git (master)
$ car intro.txt
bash: car: command not found

#Arjun@localhost/d/Arjun/Nivas/GitHub/vmsnivas/git (master)
$ cat intro.txt
# Introduction of users

Arjun - Admin of Git Repo

#Arjun@localhost/d/Arjun/Nivas/GitHub/vmsnivas/git (master)
$ git merge feature1
Updating ee4ee44..9230d5a
Fast-forward
 intro.txt | 1 +
 1 file changed, 1 insertion(+)

#Arjun@localhost/d/Arjun/Nivas/GitHub/vmsnivas/git (master)
$ git push origin master
Total 0 (delta 0), reused 0 (delta 0)
To git+ssh://vmsnivas@github.com/vmsnivas/git.git
   ee4ee44..9230d5a  master -> master

#Arjun@localhost/d/Arjun/Nivas/GitHub/vmsnivas/git (master)
$ git branch
  feature1
* master

#Arjun@localhost/d/Arjun/Nivas/GitHub/vmsnivas/git (master)
$ git branch -D feature1
Deleted branch feature1 (was 9230d5a).

#Arjun@localhost/d/Arjun/Nivas/GitHub/vmsnivas/git (master)
$ git branch
* master

#Arjun@localhost/d/Arjun/Nivas/GitHub/vmsnivas/git (master)
$ git push origin :feature1
To git+ssh://vmsnivas@github.com/vmsnivas/git.git
 - [deleted]         feature1
